../Core/Src/main.c:109:5:_write	24	static
../Core/Src/main.c:119:5:main	192	static
../Core/Src/main.c:224:6:SystemClock_Config	88	static
../Core/Src/main.c:270:13:MX_USART2_Init	8	static
../Core/Src/main.c:304:13:MX_GPIO_Init	40	static
../Core/Src/main.c:340:6:StartLinSenderTask	40	static
../Core/Src/main.c:428:6:StartCanReceiverTask	48	static
../Core/Src/main.c:464:6:StartTask04	40	static
../Core/Src/main.c:488:6:StartCanTrackerTask	40	static
../Core/Src/main.c:530:6:StartAcceleroTask	64	static
../Core/Src/main.c:596:6:HAL_TIM_PeriodElapsedCallback	16	static
../Core/Src/main.c:613:6:Error_Handler	4	static,ignoring_inline_asm
