../Core/Src/main.c:105:5:_write	24	static
../Core/Src/main.c:115:5:main	160	static
../Core/Src/main.c:214:6:SystemClock_Config	88	static
../Core/Src/main.c:260:13:MX_USART2_Init	8	static
../Core/Src/main.c:294:13:MX_GPIO_Init	40	static
../Core/Src/main.c:329:6:StartLinSenderTask	40	static
../Core/Src/main.c:417:6:StartCanReceiverTask	48	static
../Core/Src/main.c:468:6:StartTask04	40	static
../Core/Src/main.c:492:6:StartCanTrackerTask	40	static
../Core/Src/main.c:535:6:HAL_TIM_PeriodElapsedCallback	16	static
../Core/Src/main.c:552:6:Error_Handler	4	static,ignoring_inline_asm
