phares.c:11:6:allumer_phare_gauche	24	static
phares.c:20:6:allumer_phare_droit	24	static
phares.c:29:6:allumer_phares	8	static
phares.c:35:6:allumer_veilleuses	8	static
phares.c:39:6:allumer_veilleuse_gauche	24	static
phares.c:47:6:allumer_veilleuse_droite	24	static
phares.c:57:6:eteindre_phares	8	static
phares.c:63:6:eteindre_phare_gauche	24	static
phares.c:72:6:eteindre_phare_droit	24	static
phares.c:83:6:allumer_clignotants_avant	8	static
phares.c:88:6:allumer_clignotant_gauche	24	static
phares.c:96:6:allumer_clignotant_droit	24	static
phares.c:106:6:allumer_clignotants_arrirere	8	static
phares.c:110:6:allumer_clignotant_arriere_gauche	24	static
phares.c:118:6:allumer_clignotant_arriere_droit	24	static
phares.c:128:6:eteindre_clignotans_avant	8	static
phares.c:132:6:eteindre_clignotant_avant_gauche	24	static
phares.c:140:6:eteindre_clignotant_avant_droit	24	static
phares.c:149:6:eteindre_clignotans_arriere	8	static
phares.c:153:6:eteindre_clignotant_arriere_droit	24	static
phares.c:161:6:eteindre_clignotant_arriere_gauche	24	static
phares.c:172:6:allumer_feux_arriere	8	static
phares.c:177:6:allumer_feux_arriere_gauche	24	static
phares.c:186:6:allumer_feux_arriere_droit	24	static
phares.c:195:6:eteindre_feux_arriere	8	static
phares.c:199:6:eteindre_feux_arriere_gauche	24	static
phares.c:207:6:eteindre_feux_arriere_droit	24	static
phares.c:216:6:allumer_clignotants_gauche	8	static
phares.c:221:6:allumer_clignotants_droit	8	static
phares.c:227:6:eteindre_clignotants_gauche	8	static
phares.c:232:6:eteindre_clignotants_droit	8	static
