../Core/Src/stm32f4xx_it.c:79:6:NMI_Handler	4	static
../Core/Src/stm32f4xx_it.c:94:6:HardFault_Handler	4	static
../Core/Src/stm32f4xx_it.c:109:6:MemManage_Handler	4	static
../Core/Src/stm32f4xx_it.c:124:6:BusFault_Handler	4	static
../Core/Src/stm32f4xx_it.c:139:6:UsageFault_Handler	4	static
../Core/Src/stm32f4xx_it.c:154:6:DebugMon_Handler	4	static
../Core/Src/stm32f4xx_it.c:174:6:EXTI0_IRQHandler	8	static
../Core/Src/stm32f4xx_it.c:189:6:TIM6_DAC_IRQHandler	8	static
../Core/Src/stm32f4xx_it.c:201:6:CAN1_RX0_IRQHandler	8	static
../Core/Src/stm32f4xx_it.c:216:6:HAL_GPIO_EXTI_Callback	16	static
